
Discarded input sections

 .text          0x00000000        0x0 ..\obj\main.o
 .data          0x00000000        0x0 ..\obj\main.o
 .bss           0x00000000        0x0 ..\obj\main.o
 .text.main     0x00000000        0x8 ..\obj\main.o
 .debug_info    0x00000000       0x47 ..\obj\main.o
 .debug_abbrev  0x00000000       0x39 ..\obj\main.o
 .debug_loc     0x00000000       0x2c ..\obj\main.o
 .debug_aranges
                0x00000000       0x20 ..\obj\main.o
 .debug_ranges  0x00000000       0x10 ..\obj\main.o
 .debug_line    0x00000000       0x5e ..\obj\main.o
 .debug_str     0x00000000       0x7a ..\obj\main.o
 .comment       0x00000000       0x71 ..\obj\main.o
 .ARM.attributes
                0x00000000       0x33 ..\obj\main.o
 .debug_frame   0x00000000       0x28 ..\obj\main.o

Memory Configuration

Name             Origin             Length             Attributes
rom              0x08000000         0x00100000         xr
ram              0x20000000         0x00020000         xrw
ram1             0x10000000         0x00010000         xrw
*default*        0x00000000         0xffffffff

Linker script and memory map

                0x20020000                _eram = 0x20020000

.text           0x08000000        0x0
 *(.isr_vector .isr_vector.*)
 *(.text .text.* .gnu.linkonce.t.*)
 *(.glue_7t)
 .glue_7t       0x00000000        0x0 linker stubs
 *(.glue_7)
 .glue_7        0x00000000        0x0 linker stubs
 *(.rodata .rodata* .gnu.linkonce.r.*)

.vfp11_veneer   0x08000000        0x0
 .vfp11_veneer  0x00000000        0x0 linker stubs

.v4_bx          0x08000000        0x0
 .v4_bx         0x00000000        0x0 linker stubs

.iplt           0x08000000        0x0
 .iplt          0x00000000        0x0 ..\obj\main.o

.rel.dyn        0x08000000        0x0
 .rel.iplt      0x00000000        0x0 ..\obj\main.o

.ARM.extab
 *(.ARM.extab* .gnu.linkonce.armextab.*)
                0x08000000                __exidx_start = .

.ARM.exidx
 *(.ARM.exidx* .gnu.linkonce.armexidx.*)
                0x08000000                __exidx_end = .
                0x08000000                . = ALIGN (0x4)
                0x08000000                _etext = .
                0x08000000                _sidata = .

.data           0x20000000        0x0 load address 0x00000000
                0x20000000                _sdata = .
 *(.data .data.*)
                0x20000000                . = ALIGN (0x4)
                0x20000000                _edata = .

.igot.plt       0x20000000        0x0
 .igot.plt      0x00000000        0x0 ..\obj\main.o

.bss            0x20000000        0x0
                0x20000000                _sbss = .
 *(.bss .bss.*)
 *(COMMON)
                0x20000000                . = ALIGN (0x4)
                0x20000000                _ebss = .

.co_stack       0x20000000        0x0
                0x20000000                . = ALIGN (0x8)
 *(.co_stack .co_stack.*)
                0x20000000                . = ALIGN (0x4)
                0x20000000                _end = .
LOAD ..\obj\main.o
START GROUP
LOAD d:/work/gcc-arm-4.7-2013q2/bin/../lib/gcc/arm-none-eabi/4.7.4/armv7e-m\libgcc.a
LOAD d:/work/gcc-arm-4.7-2013q2/bin/../lib/gcc/arm-none-eabi/4.7.4/../../../../arm-none-eabi/lib/armv7e-m\libg.a
LOAD d:/work/gcc-arm-4.7-2013q2/bin/../lib/gcc/arm-none-eabi/4.7.4/../../../../arm-none-eabi/lib/armv7e-m\libc.a
END GROUP
OUTPUT(usbHostCDC.elf elf32-littlearm)
